+----+
| A  |
+----+
|  1 |
|  2 |
| 30 |
| 40 |
+----+
